------------------------------------------------------------
Timing Analyzer Summary
------------------------------------------------------------

Type  : Slow 1200mV 85C Model Setup 'CLK'
Slack : -9.312
TNS   : -4356.131

Type  : Slow 1200mV 85C Model Setup 'EX_MEM:U20|M_OUT[1]'
Slack : -6.182
TNS   : -188.608

Type  : Slow 1200mV 85C Model Hold 'CLK'
Slack : 0.303
TNS   : 0.000

Type  : Slow 1200mV 85C Model Hold 'EX_MEM:U20|M_OUT[1]'
Slack : 2.441
TNS   : 0.000

Type  : Slow 1200mV 85C Model Minimum Pulse Width 'CLK'
Slack : -3.000
TNS   : -1866.124

Type  : Slow 1200mV 85C Model Minimum Pulse Width 'EX_MEM:U20|M_OUT[1]'
Slack : 0.423
TNS   : 0.000

Type  : Slow 1200mV 0C Model Setup 'CLK'
Slack : -8.504
TNS   : -3924.929

Type  : Slow 1200mV 0C Model Setup 'EX_MEM:U20|M_OUT[1]'
Slack : -5.592
TNS   : -170.951

Type  : Slow 1200mV 0C Model Hold 'CLK'
Slack : 0.266
TNS   : 0.000

Type  : Slow 1200mV 0C Model Hold 'EX_MEM:U20|M_OUT[1]'
Slack : 2.234
TNS   : 0.000

Type  : Slow 1200mV 0C Model Minimum Pulse Width 'CLK'
Slack : -3.000
TNS   : -1862.208

Type  : Slow 1200mV 0C Model Minimum Pulse Width 'EX_MEM:U20|M_OUT[1]'
Slack : 0.445
TNS   : 0.000

Type  : Fast 1200mV 0C Model Setup 'CLK'
Slack : -3.430
TNS   : -1305.571

Type  : Fast 1200mV 0C Model Setup 'EX_MEM:U20|M_OUT[1]'
Slack : -2.457
TNS   : -74.434

Type  : Fast 1200mV 0C Model Hold 'CLK'
Slack : 0.120
TNS   : 0.000

Type  : Fast 1200mV 0C Model Hold 'EX_MEM:U20|M_OUT[1]'
Slack : 1.285
TNS   : 0.000

Type  : Fast 1200mV 0C Model Minimum Pulse Width 'CLK'
Slack : -3.000
TNS   : -1359.103

Type  : Fast 1200mV 0C Model Minimum Pulse Width 'EX_MEM:U20|M_OUT[1]'
Slack : 0.424
TNS   : 0.000

------------------------------------------------------------
